  Determinando los proyectos que se van a restaurar...
C:\Users\Laboratorios\Desktop\prueba\SaaS_Novaderma-\src\Infrastructure\TalentManagement.Infrastructure.csproj : warning NU1903: El paquete "SixLabors.ImageSharp" 1.0.0 tiene una vulnerabilidad de gravedad alta conocida, https://github.com/advisories/GHSA-2cmq-823j-5qj8 [C:\Users\Laboratorios\Desktop\prueba\SaaS_Novaderma-\src\Server\TalentManagement.Server.csproj]
C:\Users\Laboratorios\Desktop\prueba\SaaS_Novaderma-\src\Server\TalentManagement.Server.csproj : warning NU1903: El paquete "SixLabors.ImageSharp" 1.0.0 tiene una vulnerabilidad de gravedad alta conocida, https://github.com/advisories/GHSA-2cmq-823j-5qj8
C:\Users\Laboratorios\Desktop\prueba\SaaS_Novaderma-\src\Infrastructure\TalentManagement.Infrastructure.csproj : warning NU1902: El paquete "SixLabors.ImageSharp" 1.0.0 tiene una vulnerabilidad de gravedad moderada conocida, https://github.com/advisories/GHSA-5x7m-6737-26cr [C:\Users\Laboratorios\Desktop\prueba\SaaS_Novaderma-\src\Server\TalentManagement.Server.csproj]
C:\Users\Laboratorios\Desktop\prueba\SaaS_Novaderma-\src\Server\TalentManagement.Server.csproj : warning NU1902: El paquete "SixLabors.ImageSharp" 1.0.0 tiene una vulnerabilidad de gravedad moderada conocida, https://github.com/advisories/GHSA-5x7m-6737-26cr
C:\Users\Laboratorios\Desktop\prueba\SaaS_Novaderma-\src\Infrastructure\TalentManagement.Infrastructure.csproj : warning NU1903: El paquete "SixLabors.ImageSharp" 1.0.0 tiene una vulnerabilidad de gravedad alta conocida, https://github.com/advisories/GHSA-63p8-c4ww-9cg7 [C:\Users\Laboratorios\Desktop\prueba\SaaS_Novaderma-\src\Server\TalentManagement.Server.csproj]
C:\Users\Laboratorios\Desktop\prueba\SaaS_Novaderma-\src\Server\TalentManagement.Server.csproj : warning NU1903: El paquete "SixLabors.ImageSharp" 1.0.0 tiene una vulnerabilidad de gravedad alta conocida, https://github.com/advisories/GHSA-63p8-c4ww-9cg7
C:\Users\Laboratorios\Desktop\prueba\SaaS_Novaderma-\src\Infrastructure\TalentManagement.Infrastructure.csproj : warning NU1903: El paquete "SixLabors.ImageSharp" 1.0.0 tiene una vulnerabilidad de gravedad alta conocida, https://github.com/advisories/GHSA-65x7-c272-7g7r [C:\Users\Laboratorios\Desktop\prueba\SaaS_Novaderma-\src\Server\TalentManagement.Server.csproj]
C:\Users\Laboratorios\Desktop\prueba\SaaS_Novaderma-\src\Server\TalentManagement.Server.csproj : warning NU1903: El paquete "SixLabors.ImageSharp" 1.0.0 tiene una vulnerabilidad de gravedad alta conocida, https://github.com/advisories/GHSA-65x7-c272-7g7r
C:\Users\Laboratorios\Desktop\prueba\SaaS_Novaderma-\src\Infrastructure\TalentManagement.Infrastructure.csproj : warning NU1902: El paquete "SixLabors.ImageSharp" 1.0.0 tiene una vulnerabilidad de gravedad moderada conocida, https://github.com/advisories/GHSA-g85r-6x2q-45w7 [C:\Users\Laboratorios\Desktop\prueba\SaaS_Novaderma-\src\Server\TalentManagement.Server.csproj]
C:\Users\Laboratorios\Desktop\prueba\SaaS_Novaderma-\src\Server\TalentManagement.Server.csproj : warning NU1902: El paquete "SixLabors.ImageSharp" 1.0.0 tiene una vulnerabilidad de gravedad moderada conocida, https://github.com/advisories/GHSA-g85r-6x2q-45w7
C:\Users\Laboratorios\Desktop\prueba\SaaS_Novaderma-\src\Infrastructure\TalentManagement.Infrastructure.csproj : warning NU1902: El paquete "SixLabors.ImageSharp" 1.0.0 tiene una vulnerabilidad de gravedad moderada conocida, https://github.com/advisories/GHSA-qxrv-gp6x-rc23 [C:\Users\Laboratorios\Desktop\prueba\SaaS_Novaderma-\src\Server\TalentManagement.Server.csproj]
C:\Users\Laboratorios\Desktop\prueba\SaaS_Novaderma-\src\Server\TalentManagement.Server.csproj : warning NU1902: El paquete "SixLabors.ImageSharp" 1.0.0 tiene una vulnerabilidad de gravedad moderada conocida, https://github.com/advisories/GHSA-qxrv-gp6x-rc23
C:\Users\Laboratorios\Desktop\prueba\SaaS_Novaderma-\src\Infrastructure\TalentManagement.Infrastructure.csproj : warning NU1902: El paquete "SixLabors.ImageSharp" 1.0.0 tiene una vulnerabilidad de gravedad moderada conocida, https://github.com/advisories/GHSA-rxmq-m78w-7wmc [C:\Users\Laboratorios\Desktop\prueba\SaaS_Novaderma-\src\Server\TalentManagement.Server.csproj]
C:\Users\Laboratorios\Desktop\prueba\SaaS_Novaderma-\src\Server\TalentManagement.Server.csproj : warning NU1902: El paquete "SixLabors.ImageSharp" 1.0.0 tiene una vulnerabilidad de gravedad moderada conocida, https://github.com/advisories/GHSA-rxmq-m78w-7wmc
  Todos los proyectos est├ín actualizados para la restauraci├│n.
C:\Users\Laboratorios\Desktop\prueba\SaaS_Novaderma-\src\Server\TalentManagement.Server.csproj : warning NU1903: El paquete "SixLabors.ImageSharp" 1.0.0 tiene una vulnerabilidad de gravedad alta conocida, https://github.com/advisories/GHSA-2cmq-823j-5qj8
C:\Users\Laboratorios\Desktop\prueba\SaaS_Novaderma-\src\Server\TalentManagement.Server.csproj : warning NU1902: El paquete "SixLabors.ImageSharp" 1.0.0 tiene una vulnerabilidad de gravedad moderada conocida, https://github.com/advisories/GHSA-5x7m-6737-26cr
C:\Users\Laboratorios\Desktop\prueba\SaaS_Novaderma-\src\Server\TalentManagement.Server.csproj : warning NU1903: El paquete "SixLabors.ImageSharp" 1.0.0 tiene una vulnerabilidad de gravedad alta conocida, https://github.com/advisories/GHSA-63p8-c4ww-9cg7
C:\Users\Laboratorios\Desktop\prueba\SaaS_Novaderma-\src\Server\TalentManagement.Server.csproj : warning NU1903: El paquete "SixLabors.ImageSharp" 1.0.0 tiene una vulnerabilidad de gravedad alta conocida, https://github.com/advisories/GHSA-65x7-c272-7g7r
C:\Users\Laboratorios\Desktop\prueba\SaaS_Novaderma-\src\Server\TalentManagement.Server.csproj : warning NU1902: El paquete "SixLabors.ImageSharp" 1.0.0 tiene una vulnerabilidad de gravedad moderada conocida, https://github.com/advisories/GHSA-g85r-6x2q-45w7
C:\Users\Laboratorios\Desktop\prueba\SaaS_Novaderma-\src\Server\TalentManagement.Server.csproj : warning NU1902: El paquete "SixLabors.ImageSharp" 1.0.0 tiene una vulnerabilidad de gravedad moderada conocida, https://github.com/advisories/GHSA-qxrv-gp6x-rc23
C:\Users\Laboratorios\Desktop\prueba\SaaS_Novaderma-\src\Server\TalentManagement.Server.csproj : warning NU1902: El paquete "SixLabors.ImageSharp" 1.0.0 tiene una vulnerabilidad de gravedad moderada conocida, https://github.com/advisories/GHSA-rxmq-m78w-7wmc
  TalentManagement.Shared -> C:\Users\Laboratorios\Desktop\prueba\SaaS_Novaderma-\src\Shared\bin\Debug\net10.0\TalentManagement.Shared.dll
C:\Users\Laboratorios\Desktop\prueba\SaaS_Novaderma-\src\Infrastructure\TalentManagement.Infrastructure.csproj : warning NU1903: El paquete "SixLabors.ImageSharp" 1.0.0 tiene una vulnerabilidad de gravedad alta conocida, https://github.com/advisories/GHSA-2cmq-823j-5qj8
C:\Users\Laboratorios\Desktop\prueba\SaaS_Novaderma-\src\Infrastructure\TalentManagement.Infrastructure.csproj : warning NU1902: El paquete "SixLabors.ImageSharp" 1.0.0 tiene una vulnerabilidad de gravedad moderada conocida, https://github.com/advisories/GHSA-5x7m-6737-26cr
C:\Users\Laboratorios\Desktop\prueba\SaaS_Novaderma-\src\Infrastructure\TalentManagement.Infrastructure.csproj : warning NU1903: El paquete "SixLabors.ImageSharp" 1.0.0 tiene una vulnerabilidad de gravedad alta conocida, https://github.com/advisories/GHSA-63p8-c4ww-9cg7
C:\Users\Laboratorios\Desktop\prueba\SaaS_Novaderma-\src\Infrastructure\TalentManagement.Infrastructure.csproj : warning NU1903: El paquete "SixLabors.ImageSharp" 1.0.0 tiene una vulnerabilidad de gravedad alta conocida, https://github.com/advisories/GHSA-65x7-c272-7g7r
C:\Users\Laboratorios\Desktop\prueba\SaaS_Novaderma-\src\Infrastructure\TalentManagement.Infrastructure.csproj : warning NU1902: El paquete "SixLabors.ImageSharp" 1.0.0 tiene una vulnerabilidad de gravedad moderada conocida, https://github.com/advisories/GHSA-g85r-6x2q-45w7
C:\Users\Laboratorios\Desktop\prueba\SaaS_Novaderma-\src\Infrastructure\TalentManagement.Infrastructure.csproj : warning NU1902: El paquete "SixLabors.ImageSharp" 1.0.0 tiene una vulnerabilidad de gravedad moderada conocida, https://github.com/advisories/GHSA-qxrv-gp6x-rc23
C:\Users\Laboratorios\Desktop\prueba\SaaS_Novaderma-\src\Infrastructure\TalentManagement.Infrastructure.csproj : warning NU1902: El paquete "SixLabors.ImageSharp" 1.0.0 tiene una vulnerabilidad de gravedad moderada conocida, https://github.com/advisories/GHSA-rxmq-m78w-7wmc
  TalentManagement.Domain -> C:\Users\Laboratorios\Desktop\prueba\SaaS_Novaderma-\src\Domain\bin\Debug\net10.0\TalentManagement.Domain.dll
  TalentManagement.Application -> C:\Users\Laboratorios\Desktop\prueba\SaaS_Novaderma-\src\Application\bin\Debug\net10.0\TalentManagement.Application.dll
  TalentManagement.Infrastructure -> C:\Users\Laboratorios\Desktop\prueba\SaaS_Novaderma-\src\Infrastructure\bin\Debug\net10.0\TalentManagement.Infrastructure.dll
C:\Program Files\dotnet\sdk\10.0.201\Microsoft.Common.CurrentVersion.targets(5094,5): warning MSB3026: No se pudo copiar "C:\Users\Laboratorios\Desktop\prueba\SaaS_Novaderma-\src\Application\bin\Debug\net10.0\TalentManagement.Application.dll" en "bin\Debug\net10.0\TalentManagement.Application.dll". Se iniciar├í el reintento 1 dentro de 1000ms. The process cannot access the file 'C:\Users\Laboratorios\Desktop\prueba\SaaS_Novaderma-\src\Server\bin\Debug\net10.0\TalentManagement.Application.dll' because it is being used by another process. El archivo se ha bloqueado por: "TalentManagement.Server (11076)" [C:\Users\Laboratorios\Desktop\prueba\SaaS_Novaderma-\src\Server\TalentManagement.Server.csproj]
C:\Program Files\dotnet\sdk\10.0.201\Microsoft.Common.CurrentVersion.targets(5094,5): warning MSB3026: No se pudo copiar "C:\Users\Laboratorios\Desktop\prueba\SaaS_Novaderma-\src\Application\bin\Debug\net10.0\TalentManagement.Application.dll" en "bin\Debug\net10.0\TalentManagement.Application.dll". Se iniciar├í el reintento 2 dentro de 1000ms. The process cannot access the file 'C:\Users\Laboratorios\Desktop\prueba\SaaS_Novaderma-\src\Server\bin\Debug\net10.0\TalentManagement.Application.dll' because it is being used by another process. El archivo se ha bloqueado por: "TalentManagement.Server (11076)" [C:\Users\Laboratorios\Desktop\prueba\SaaS_Novaderma-\src\Server\TalentManagement.Server.csproj]
C:\Program Files\dotnet\sdk\10.0.201\Microsoft.Common.CurrentVersion.targets(5094,5): warning MSB3026: No se pudo copiar "C:\Users\Laboratorios\Desktop\prueba\SaaS_Novaderma-\src\Application\bin\Debug\net10.0\TalentManagement.Application.dll" en "bin\Debug\net10.0\TalentManagement.Application.dll". Se iniciar├í el reintento 3 dentro de 1000ms. The process cannot access the file 'C:\Users\Laboratorios\Desktop\prueba\SaaS_Novaderma-\src\Server\bin\Debug\net10.0\TalentManagement.Application.dll' because it is being used by another process. El archivo se ha bloqueado por: "TalentManagement.Server (11076)" [C:\Users\Laboratorios\Desktop\prueba\SaaS_Novaderma-\src\Server\TalentManagement.Server.csproj]
C:\Program Files\dotnet\sdk\10.0.201\Microsoft.Common.CurrentVersion.targets(5094,5): warning MSB3026: No se pudo copiar "C:\Users\Laboratorios\Desktop\prueba\SaaS_Novaderma-\src\Application\bin\Debug\net10.0\TalentManagement.Application.dll" en "bin\Debug\net10.0\TalentManagement.Application.dll". Se iniciar├í el reintento 4 dentro de 1000ms. The process cannot access the file 'C:\Users\Laboratorios\Desktop\prueba\SaaS_Novaderma-\src\Server\bin\Debug\net10.0\TalentManagement.Application.dll' because it is being used by another process. El archivo se ha bloqueado por: "TalentManagement.Server (11076)" [C:\Users\Laboratorios\Desktop\prueba\SaaS_Novaderma-\src\Server\TalentManagement.Server.csproj]
C:\Program Files\dotnet\sdk\10.0.201\Microsoft.Common.CurrentVersion.targets(5094,5): warning MSB3026: No se pudo copiar "C:\Users\Laboratorios\Desktop\prueba\SaaS_Novaderma-\src\Application\bin\Debug\net10.0\TalentManagement.Application.dll" en "bin\Debug\net10.0\TalentManagement.Application.dll". Se iniciar├í el reintento 5 dentro de 1000ms. The process cannot access the file 'C:\Users\Laboratorios\Desktop\prueba\SaaS_Novaderma-\src\Server\bin\Debug\net10.0\TalentManagement.Application.dll' because it is being used by another process. El archivo se ha bloqueado por: "TalentManagement.Server (11076)" [C:\Users\Laboratorios\Desktop\prueba\SaaS_Novaderma-\src\Server\TalentManagement.Server.csproj]
C:\Program Files\dotnet\sdk\10.0.201\Microsoft.Common.CurrentVersion.targets(5094,5): warning MSB3026: No se pudo copiar "C:\Users\Laboratorios\Desktop\prueba\SaaS_Novaderma-\src\Application\bin\Debug\net10.0\TalentManagement.Application.dll" en "bin\Debug\net10.0\TalentManagement.Application.dll". Se iniciar├í el reintento 6 dentro de 1000ms. The process cannot access the file 'C:\Users\Laboratorios\Desktop\prueba\SaaS_Novaderma-\src\Server\bin\Debug\net10.0\TalentManagement.Application.dll' because it is being used by another process. El archivo se ha bloqueado por: "TalentManagement.Server (11076)" [C:\Users\Laboratorios\Desktop\prueba\SaaS_Novaderma-\src\Server\TalentManagement.Server.csproj]
C:\Program Files\dotnet\sdk\10.0.201\Microsoft.Common.CurrentVersion.targets(5094,5): warning MSB3026: No se pudo copiar "C:\Users\Laboratorios\Desktop\prueba\SaaS_Novaderma-\src\Application\bin\Debug\net10.0\TalentManagement.Application.dll" en "bin\Debug\net10.0\TalentManagement.Application.dll". Se iniciar├í el reintento 7 dentro de 1000ms. The process cannot access the file 'C:\Users\Laboratorios\Desktop\prueba\SaaS_Novaderma-\src\Server\bin\Debug\net10.0\TalentManagement.Application.dll' because it is being used by another process. El archivo se ha bloqueado por: "TalentManagement.Server (11076)" [C:\Users\Laboratorios\Desktop\prueba\SaaS_Novaderma-\src\Server\TalentManagement.Server.csproj]
C:\Program Files\dotnet\sdk\10.0.201\Microsoft.Common.CurrentVersion.targets(5094,5): warning MSB3026: No se pudo copiar "C:\Users\Laboratorios\Desktop\prueba\SaaS_Novaderma-\src\Application\bin\Debug\net10.0\TalentManagement.Application.dll" en "bin\Debug\net10.0\TalentManagement.Application.dll". Se iniciar├í el reintento 8 dentro de 1000ms. The process cannot access the file 'C:\Users\Laboratorios\Desktop\prueba\SaaS_Novaderma-\src\Server\bin\Debug\net10.0\TalentManagement.Application.dll' because it is being used by another process. El archivo se ha bloqueado por: "TalentManagement.Server (11076)" [C:\Users\Laboratorios\Desktop\prueba\SaaS_Novaderma-\src\Server\TalentManagement.Server.csproj]
C:\Program Files\dotnet\sdk\10.0.201\Microsoft.Common.CurrentVersion.targets(5094,5): warning MSB3026: No se pudo copiar "C:\Users\Laboratorios\Desktop\prueba\SaaS_Novaderma-\src\Application\bin\Debug\net10.0\TalentManagement.Application.dll" en "bin\Debug\net10.0\TalentManagement.Application.dll". Se iniciar├í el reintento 9 dentro de 1000ms. The process cannot access the file 'C:\Users\Laboratorios\Desktop\prueba\SaaS_Novaderma-\src\Server\bin\Debug\net10.0\TalentManagement.Application.dll' because it is being used by another process. El archivo se ha bloqueado por: "TalentManagement.Server (11076)" [C:\Users\Laboratorios\Desktop\prueba\SaaS_Novaderma-\src\Server\TalentManagement.Server.csproj]
C:\Program Files\dotnet\sdk\10.0.201\Microsoft.Common.CurrentVersion.targets(5094,5): warning MSB3026: No se pudo copiar "C:\Users\Laboratorios\Desktop\prueba\SaaS_Novaderma-\src\Application\bin\Debug\net10.0\TalentManagement.Application.dll" en "bin\Debug\net10.0\TalentManagement.Application.dll". Se iniciar├í el reintento 10 dentro de 1000ms. The process cannot access the file 'C:\Users\Laboratorios\Desktop\prueba\SaaS_Novaderma-\src\Server\bin\Debug\net10.0\TalentManagement.Application.dll' because it is being used by another process. El archivo se ha bloqueado por: "TalentManagement.Server (11076)" [C:\Users\Laboratorios\Desktop\prueba\SaaS_Novaderma-\src\Server\TalentManagement.Server.csproj]
C:\Program Files\dotnet\sdk\10.0.201\Microsoft.Common.CurrentVersion.targets(5094,5): error MSB3027: No se pudo copiar "C:\Users\Laboratorios\Desktop\prueba\SaaS_Novaderma-\src\Application\bin\Debug\net10.0\TalentManagement.Application.dll" en "bin\Debug\net10.0\TalentManagement.Application.dll". Se super├│ el n├║mero de 10 reintentos. Error. El archivo se ha bloqueado por: "TalentManagement.Server (11076)" [C:\Users\Laboratorios\Desktop\prueba\SaaS_Novaderma-\src\Server\TalentManagement.Server.csproj]
C:\Program Files\dotnet\sdk\10.0.201\Microsoft.Common.CurrentVersion.targets(5094,5): error MSB3021: No se puede copiar "C:\Users\Laboratorios\Desktop\prueba\SaaS_Novaderma-\src\Application\bin\Debug\net10.0\TalentManagement.Application.dll" en "bin\Debug\net10.0\TalentManagement.Application.dll". The process cannot access the file 'C:\Users\Laboratorios\Desktop\prueba\SaaS_Novaderma-\src\Server\bin\Debug\net10.0\TalentManagement.Application.dll' because it is being used by another process. [C:\Users\Laboratorios\Desktop\prueba\SaaS_Novaderma-\src\Server\TalentManagement.Server.csproj]

ERROR al compilar.

C:\Users\Laboratorios\Desktop\prueba\SaaS_Novaderma-\src\Infrastructure\TalentManagement.Infrastructure.csproj : warning NU1903: El paquete "SixLabors.ImageSharp" 1.0.0 tiene una vulnerabilidad de gravedad alta conocida, https://github.com/advisories/GHSA-2cmq-823j-5qj8 [C:\Users\Laboratorios\Desktop\prueba\SaaS_Novaderma-\src\Server\TalentManagement.Server.csproj]
C:\Users\Laboratorios\Desktop\prueba\SaaS_Novaderma-\src\Server\TalentManagement.Server.csproj : warning NU1903: El paquete "SixLabors.ImageSharp" 1.0.0 tiene una vulnerabilidad de gravedad alta conocida, https://github.com/advisories/GHSA-2cmq-823j-5qj8
C:\Users\Laboratorios\Desktop\prueba\SaaS_Novaderma-\src\Infrastructure\TalentManagement.Infrastructure.csproj : warning NU1902: El paquete "SixLabors.ImageSharp" 1.0.0 tiene una vulnerabilidad de gravedad moderada conocida, https://github.com/advisories/GHSA-5x7m-6737-26cr [C:\Users\Laboratorios\Desktop\prueba\SaaS_Novaderma-\src\Server\TalentManagement.Server.csproj]
C:\Users\Laboratorios\Desktop\prueba\SaaS_Novaderma-\src\Server\TalentManagement.Server.csproj : warning NU1902: El paquete "SixLabors.ImageSharp" 1.0.0 tiene una vulnerabilidad de gravedad moderada conocida, https://github.com/advisories/GHSA-5x7m-6737-26cr
C:\Users\Laboratorios\Desktop\prueba\SaaS_Novaderma-\src\Infrastructure\TalentManagement.Infrastructure.csproj : warning NU1903: El paquete "SixLabors.ImageSharp" 1.0.0 tiene una vulnerabilidad de gravedad alta conocida, https://github.com/advisories/GHSA-63p8-c4ww-9cg7 [C:\Users\Laboratorios\Desktop\prueba\SaaS_Novaderma-\src\Server\TalentManagement.Server.csproj]
C:\Users\Laboratorios\Desktop\prueba\SaaS_Novaderma-\src\Server\TalentManagement.Server.csproj : warning NU1903: El paquete "SixLabors.ImageSharp" 1.0.0 tiene una vulnerabilidad de gravedad alta conocida, https://github.com/advisories/GHSA-63p8-c4ww-9cg7
C:\Users\Laboratorios\Desktop\prueba\SaaS_Novaderma-\src\Infrastructure\TalentManagement.Infrastructure.csproj : warning NU1903: El paquete "SixLabors.ImageSharp" 1.0.0 tiene una vulnerabilidad de gravedad alta conocida, https://github.com/advisories/GHSA-65x7-c272-7g7r [C:\Users\Laboratorios\Desktop\prueba\SaaS_Novaderma-\src\Server\TalentManagement.Server.csproj]
C:\Users\Laboratorios\Desktop\prueba\SaaS_Novaderma-\src\Server\TalentManagement.Server.csproj : warning NU1903: El paquete "SixLabors.ImageSharp" 1.0.0 tiene una vulnerabilidad de gravedad alta conocida, https://github.com/advisories/GHSA-65x7-c272-7g7r
C:\Users\Laboratorios\Desktop\prueba\SaaS_Novaderma-\src\Infrastructure\TalentManagement.Infrastructure.csproj : warning NU1902: El paquete "SixLabors.ImageSharp" 1.0.0 tiene una vulnerabilidad de gravedad moderada conocida, https://github.com/advisories/GHSA-g85r-6x2q-45w7 [C:\Users\Laboratorios\Desktop\prueba\SaaS_Novaderma-\src\Server\TalentManagement.Server.csproj]
C:\Users\Laboratorios\Desktop\prueba\SaaS_Novaderma-\src\Server\TalentManagement.Server.csproj : warning NU1902: El paquete "SixLabors.ImageSharp" 1.0.0 tiene una vulnerabilidad de gravedad moderada conocida, https://github.com/advisories/GHSA-g85r-6x2q-45w7
C:\Users\Laboratorios\Desktop\prueba\SaaS_Novaderma-\src\Infrastructure\TalentManagement.Infrastructure.csproj : warning NU1902: El paquete "SixLabors.ImageSharp" 1.0.0 tiene una vulnerabilidad de gravedad moderada conocida, https://github.com/advisories/GHSA-qxrv-gp6x-rc23 [C:\Users\Laboratorios\Desktop\prueba\SaaS_Novaderma-\src\Server\TalentManagement.Server.csproj]
C:\Users\Laboratorios\Desktop\prueba\SaaS_Novaderma-\src\Server\TalentManagement.Server.csproj : warning NU1902: El paquete "SixLabors.ImageSharp" 1.0.0 tiene una vulnerabilidad de gravedad moderada conocida, https://github.com/advisories/GHSA-qxrv-gp6x-rc23
C:\Users\Laboratorios\Desktop\prueba\SaaS_Novaderma-\src\Infrastructure\TalentManagement.Infrastructure.csproj : warning NU1902: El paquete "SixLabors.ImageSharp" 1.0.0 tiene una vulnerabilidad de gravedad moderada conocida, https://github.com/advisories/GHSA-rxmq-m78w-7wmc [C:\Users\Laboratorios\Desktop\prueba\SaaS_Novaderma-\src\Server\TalentManagement.Server.csproj]
C:\Users\Laboratorios\Desktop\prueba\SaaS_Novaderma-\src\Server\TalentManagement.Server.csproj : warning NU1902: El paquete "SixLabors.ImageSharp" 1.0.0 tiene una vulnerabilidad de gravedad moderada conocida, https://github.com/advisories/GHSA-rxmq-m78w-7wmc
C:\Users\Laboratorios\Desktop\prueba\SaaS_Novaderma-\src\Server\TalentManagement.Server.csproj : warning NU1903: El paquete "SixLabors.ImageSharp" 1.0.0 tiene una vulnerabilidad de gravedad alta conocida, https://github.com/advisories/GHSA-2cmq-823j-5qj8
C:\Users\Laboratorios\Desktop\prueba\SaaS_Novaderma-\src\Server\TalentManagement.Server.csproj : warning NU1902: El paquete "SixLabors.ImageSharp" 1.0.0 tiene una vulnerabilidad de gravedad moderada conocida, https://github.com/advisories/GHSA-5x7m-6737-26cr
C:\Users\Laboratorios\Desktop\prueba\SaaS_Novaderma-\src\Server\TalentManagement.Server.csproj : warning NU1903: El paquete "SixLabors.ImageSharp" 1.0.0 tiene una vulnerabilidad de gravedad alta conocida, https://github.com/advisories/GHSA-63p8-c4ww-9cg7
C:\Users\Laboratorios\Desktop\prueba\SaaS_Novaderma-\src\Server\TalentManagement.Server.csproj : warning NU1903: El paquete "SixLabors.ImageSharp" 1.0.0 tiene una vulnerabilidad de gravedad alta conocida, https://github.com/advisories/GHSA-65x7-c272-7g7r
C:\Users\Laboratorios\Desktop\prueba\SaaS_Novaderma-\src\Server\TalentManagement.Server.csproj : warning NU1902: El paquete "SixLabors.ImageSharp" 1.0.0 tiene una vulnerabilidad de gravedad moderada conocida, https://github.com/advisories/GHSA-g85r-6x2q-45w7
C:\Users\Laboratorios\Desktop\prueba\SaaS_Novaderma-\src\Server\TalentManagement.Server.csproj : warning NU1902: El paquete "SixLabors.ImageSharp" 1.0.0 tiene una vulnerabilidad de gravedad moderada conocida, https://github.com/advisories/GHSA-qxrv-gp6x-rc23
C:\Users\Laboratorios\Desktop\prueba\SaaS_Novaderma-\src\Server\TalentManagement.Server.csproj : warning NU1902: El paquete "SixLabors.ImageSharp" 1.0.0 tiene una vulnerabilidad de gravedad moderada conocida, https://github.com/advisories/GHSA-rxmq-m78w-7wmc
C:\Users\Laboratorios\Desktop\prueba\SaaS_Novaderma-\src\Infrastructure\TalentManagement.Infrastructure.csproj : warning NU1903: El paquete "SixLabors.ImageSharp" 1.0.0 tiene una vulnerabilidad de gravedad alta conocida, https://github.com/advisories/GHSA-2cmq-823j-5qj8
C:\Users\Laboratorios\Desktop\prueba\SaaS_Novaderma-\src\Infrastructure\TalentManagement.Infrastructure.csproj : warning NU1902: El paquete "SixLabors.ImageSharp" 1.0.0 tiene una vulnerabilidad de gravedad moderada conocida, https://github.com/advisories/GHSA-5x7m-6737-26cr
C:\Users\Laboratorios\Desktop\prueba\SaaS_Novaderma-\src\Infrastructure\TalentManagement.Infrastructure.csproj : warning NU1903: El paquete "SixLabors.ImageSharp" 1.0.0 tiene una vulnerabilidad de gravedad alta conocida, https://github.com/advisories/GHSA-63p8-c4ww-9cg7
C:\Users\Laboratorios\Desktop\prueba\SaaS_Novaderma-\src\Infrastructure\TalentManagement.Infrastructure.csproj : warning NU1903: El paquete "SixLabors.ImageSharp" 1.0.0 tiene una vulnerabilidad de gravedad alta conocida, https://github.com/advisories/GHSA-65x7-c272-7g7r
C:\Users\Laboratorios\Desktop\prueba\SaaS_Novaderma-\src\Infrastructure\TalentManagement.Infrastructure.csproj : warning NU1902: El paquete "SixLabors.ImageSharp" 1.0.0 tiene una vulnerabilidad de gravedad moderada conocida, https://github.com/advisories/GHSA-g85r-6x2q-45w7
C:\Users\Laboratorios\Desktop\prueba\SaaS_Novaderma-\src\Infrastructure\TalentManagement.Infrastructure.csproj : warning NU1902: El paquete "SixLabors.ImageSharp" 1.0.0 tiene una vulnerabilidad de gravedad moderada conocida, https://github.com/advisories/GHSA-qxrv-gp6x-rc23
C:\Users\Laboratorios\Desktop\prueba\SaaS_Novaderma-\src\Infrastructure\TalentManagement.Infrastructure.csproj : warning NU1902: El paquete "SixLabors.ImageSharp" 1.0.0 tiene una vulnerabilidad de gravedad moderada conocida, https://github.com/advisories/GHSA-rxmq-m78w-7wmc
C:\Program Files\dotnet\sdk\10.0.201\Microsoft.Common.CurrentVersion.targets(5094,5): warning MSB3026: No se pudo copiar "C:\Users\Laboratorios\Desktop\prueba\SaaS_Novaderma-\src\Application\bin\Debug\net10.0\TalentManagement.Application.dll" en "bin\Debug\net10.0\TalentManagement.Application.dll". Se iniciar├í el reintento 1 dentro de 1000ms. The process cannot access the file 'C:\Users\Laboratorios\Desktop\prueba\SaaS_Novaderma-\src\Server\bin\Debug\net10.0\TalentManagement.Application.dll' because it is being used by another process. El archivo se ha bloqueado por: "TalentManagement.Server (11076)" [C:\Users\Laboratorios\Desktop\prueba\SaaS_Novaderma-\src\Server\TalentManagement.Server.csproj]
C:\Program Files\dotnet\sdk\10.0.201\Microsoft.Common.CurrentVersion.targets(5094,5): warning MSB3026: No se pudo copiar "C:\Users\Laboratorios\Desktop\prueba\SaaS_Novaderma-\src\Application\bin\Debug\net10.0\TalentManagement.Application.dll" en "bin\Debug\net10.0\TalentManagement.Application.dll". Se iniciar├í el reintento 2 dentro de 1000ms. The process cannot access the file 'C:\Users\Laboratorios\Desktop\prueba\SaaS_Novaderma-\src\Server\bin\Debug\net10.0\TalentManagement.Application.dll' because it is being used by another process. El archivo se ha bloqueado por: "TalentManagement.Server (11076)" [C:\Users\Laboratorios\Desktop\prueba\SaaS_Novaderma-\src\Server\TalentManagement.Server.csproj]
C:\Program Files\dotnet\sdk\10.0.201\Microsoft.Common.CurrentVersion.targets(5094,5): warning MSB3026: No se pudo copiar "C:\Users\Laboratorios\Desktop\prueba\SaaS_Novaderma-\src\Application\bin\Debug\net10.0\TalentManagement.Application.dll" en "bin\Debug\net10.0\TalentManagement.Application.dll". Se iniciar├í el reintento 3 dentro de 1000ms. The process cannot access the file 'C:\Users\Laboratorios\Desktop\prueba\SaaS_Novaderma-\src\Server\bin\Debug\net10.0\TalentManagement.Application.dll' because it is being used by another process. El archivo se ha bloqueado por: "TalentManagement.Server (11076)" [C:\Users\Laboratorios\Desktop\prueba\SaaS_Novaderma-\src\Server\TalentManagement.Server.csproj]
C:\Program Files\dotnet\sdk\10.0.201\Microsoft.Common.CurrentVersion.targets(5094,5): warning MSB3026: No se pudo copiar "C:\Users\Laboratorios\Desktop\prueba\SaaS_Novaderma-\src\Application\bin\Debug\net10.0\TalentManagement.Application.dll" en "bin\Debug\net10.0\TalentManagement.Application.dll". Se iniciar├í el reintento 4 dentro de 1000ms. The process cannot access the file 'C:\Users\Laboratorios\Desktop\prueba\SaaS_Novaderma-\src\Server\bin\Debug\net10.0\TalentManagement.Application.dll' because it is being used by another process. El archivo se ha bloqueado por: "TalentManagement.Server (11076)" [C:\Users\Laboratorios\Desktop\prueba\SaaS_Novaderma-\src\Server\TalentManagement.Server.csproj]
C:\Program Files\dotnet\sdk\10.0.201\Microsoft.Common.CurrentVersion.targets(5094,5): warning MSB3026: No se pudo copiar "C:\Users\Laboratorios\Desktop\prueba\SaaS_Novaderma-\src\Application\bin\Debug\net10.0\TalentManagement.Application.dll" en "bin\Debug\net10.0\TalentManagement.Application.dll". Se iniciar├í el reintento 5 dentro de 1000ms. The process cannot access the file 'C:\Users\Laboratorios\Desktop\prueba\SaaS_Novaderma-\src\Server\bin\Debug\net10.0\TalentManagement.Application.dll' because it is being used by another process. El archivo se ha bloqueado por: "TalentManagement.Server (11076)" [C:\Users\Laboratorios\Desktop\prueba\SaaS_Novaderma-\src\Server\TalentManagement.Server.csproj]
C:\Program Files\dotnet\sdk\10.0.201\Microsoft.Common.CurrentVersion.targets(5094,5): warning MSB3026: No se pudo copiar "C:\Users\Laboratorios\Desktop\prueba\SaaS_Novaderma-\src\Application\bin\Debug\net10.0\TalentManagement.Application.dll" en "bin\Debug\net10.0\TalentManagement.Application.dll". Se iniciar├í el reintento 6 dentro de 1000ms. The process cannot access the file 'C:\Users\Laboratorios\Desktop\prueba\SaaS_Novaderma-\src\Server\bin\Debug\net10.0\TalentManagement.Application.dll' because it is being used by another process. El archivo se ha bloqueado por: "TalentManagement.Server (11076)" [C:\Users\Laboratorios\Desktop\prueba\SaaS_Novaderma-\src\Server\TalentManagement.Server.csproj]
C:\Program Files\dotnet\sdk\10.0.201\Microsoft.Common.CurrentVersion.targets(5094,5): warning MSB3026: No se pudo copiar "C:\Users\Laboratorios\Desktop\prueba\SaaS_Novaderma-\src\Application\bin\Debug\net10.0\TalentManagement.Application.dll" en "bin\Debug\net10.0\TalentManagement.Application.dll". Se iniciar├í el reintento 7 dentro de 1000ms. The process cannot access the file 'C:\Users\Laboratorios\Desktop\prueba\SaaS_Novaderma-\src\Server\bin\Debug\net10.0\TalentManagement.Application.dll' because it is being used by another process. El archivo se ha bloqueado por: "TalentManagement.Server (11076)" [C:\Users\Laboratorios\Desktop\prueba\SaaS_Novaderma-\src\Server\TalentManagement.Server.csproj]
C:\Program Files\dotnet\sdk\10.0.201\Microsoft.Common.CurrentVersion.targets(5094,5): warning MSB3026: No se pudo copiar "C:\Users\Laboratorios\Desktop\prueba\SaaS_Novaderma-\src\Application\bin\Debug\net10.0\TalentManagement.Application.dll" en "bin\Debug\net10.0\TalentManagement.Application.dll". Se iniciar├í el reintento 8 dentro de 1000ms. The process cannot access the file 'C:\Users\Laboratorios\Desktop\prueba\SaaS_Novaderma-\src\Server\bin\Debug\net10.0\TalentManagement.Application.dll' because it is being used by another process. El archivo se ha bloqueado por: "TalentManagement.Server (11076)" [C:\Users\Laboratorios\Desktop\prueba\SaaS_Novaderma-\src\Server\TalentManagement.Server.csproj]
C:\Program Files\dotnet\sdk\10.0.201\Microsoft.Common.CurrentVersion.targets(5094,5): warning MSB3026: No se pudo copiar "C:\Users\Laboratorios\Desktop\prueba\SaaS_Novaderma-\src\Application\bin\Debug\net10.0\TalentManagement.Application.dll" en "bin\Debug\net10.0\TalentManagement.Application.dll". Se iniciar├í el reintento 9 dentro de 1000ms. The process cannot access the file 'C:\Users\Laboratorios\Desktop\prueba\SaaS_Novaderma-\src\Server\bin\Debug\net10.0\TalentManagement.Application.dll' because it is being used by another process. El archivo se ha bloqueado por: "TalentManagement.Server (11076)" [C:\Users\Laboratorios\Desktop\prueba\SaaS_Novaderma-\src\Server\TalentManagement.Server.csproj]
C:\Program Files\dotnet\sdk\10.0.201\Microsoft.Common.CurrentVersion.targets(5094,5): warning MSB3026: No se pudo copiar "C:\Users\Laboratorios\Desktop\prueba\SaaS_Novaderma-\src\Application\bin\Debug\net10.0\TalentManagement.Application.dll" en "bin\Debug\net10.0\TalentManagement.Application.dll". Se iniciar├í el reintento 10 dentro de 1000ms. The process cannot access the file 'C:\Users\Laboratorios\Desktop\prueba\SaaS_Novaderma-\src\Server\bin\Debug\net10.0\TalentManagement.Application.dll' because it is being used by another process. El archivo se ha bloqueado por: "TalentManagement.Server (11076)" [C:\Users\Laboratorios\Desktop\prueba\SaaS_Novaderma-\src\Server\TalentManagement.Server.csproj]
C:\Program Files\dotnet\sdk\10.0.201\Microsoft.Common.CurrentVersion.targets(5094,5): error MSB3027: No se pudo copiar "C:\Users\Laboratorios\Desktop\prueba\SaaS_Novaderma-\src\Application\bin\Debug\net10.0\TalentManagement.Application.dll" en "bin\Debug\net10.0\TalentManagement.Application.dll". Se super├│ el n├║mero de 10 reintentos. Error. El archivo se ha bloqueado por: "TalentManagement.Server (11076)" [C:\Users\Laboratorios\Desktop\prueba\SaaS_Novaderma-\src\Server\TalentManagement.Server.csproj]
C:\Program Files\dotnet\sdk\10.0.201\Microsoft.Common.CurrentVersion.targets(5094,5): error MSB3021: No se puede copiar "C:\Users\Laboratorios\Desktop\prueba\SaaS_Novaderma-\src\Application\bin\Debug\net10.0\TalentManagement.Application.dll" en "bin\Debug\net10.0\TalentManagement.Application.dll". The process cannot access the file 'C:\Users\Laboratorios\Desktop\prueba\SaaS_Novaderma-\src\Server\bin\Debug\net10.0\TalentManagement.Application.dll' because it is being used by another process. [C:\Users\Laboratorios\Desktop\prueba\SaaS_Novaderma-\src\Server\TalentManagement.Server.csproj]
    38 Advertencia(s)
    2 Errores

Tiempo transcurrido 00:00:24.37
